// Jest Snapshot v1, https://goo.gl/fbAQLP

exports[`ListItem Render correctly with user data 1`] = `
<div
  className="MuiPaper-root-3 MuiPaper-shadow2-7 MuiPaper-rounded-4 UserListItem-paper-1"
>
  <div
    className="sc-bdVaJa eYraRd"
  >
    <div
      className="MuiAvatar-root-30 UserListItem-avatar-2"
    >
      <img
        alt="thumbnail"
        className="MuiAvatar-img-32"
        sizes={undefined}
        src="https://randomuser.me/api/portraits/men/43.jpg"
        srcSet={undefined}
      />
    </div>
    <div
      className="sc-bwzfXH hnfHNL"
    >
      <ul>
        <li>
          <svg
            aria-hidden="true"
            className="MuiSvgIcon-root-33"
            focusable="false"
            viewBox="0 0 24 24"
          >
            <path
              d="M12 12c2.21 0 4-1.79 4-4s-1.79-4-4-4-4 1.79-4 4 1.79 4 4 4zm0 2c-2.67 0-8 1.34-8 4v2h16v-2c0-2.66-5.33-4-8-4z"
            />
          </svg>
          babür
           
          duygulu
        </li>
        <li>
          <svg
            aria-hidden="true"
            className="MuiSvgIcon-root-33"
            focusable="false"
            viewBox="0 0 24 24"
          >
            <path
              d="M20 4H4c-1.1 0-1.99.9-1.99 2L2 18c0 1.1.9 2 2 2h16c1.1 0 2-.9 2-2V6c0-1.1-.9-2-2-2zm0 4l-8 5-8-5V6l8 5 8-5v2z"
            />
          </svg>
          babür.duygulu@example.com
        </li>
        <li>
          <svg
            aria-hidden="true"
            className="MuiSvgIcon-root-33"
            focusable="false"
            viewBox="0 0 24 24"
          >
            <path
              d="M6.62 10.79c1.44 2.83 3.76 5.14 6.59 6.59l2.2-2.2c.27-.27.67-.36 1.02-.24 1.12.37 2.33.57 3.57.57.55 0 1 .45 1 1V20c0 .55-.45 1-1 1-9.39 0-17-7.61-17-17 0-.55.45-1 1-1h3.5c.55 0 1 .45 1 1 0 1.25.2 2.45.57 3.57.11.35.03.74-.25 1.02l-2.2 2.2z"
            />
          </svg>
          (064)-339-1387
        </li>
        <li>
          <svg
            aria-hidden="true"
            className="MuiSvgIcon-root-33"
            focusable="false"
            viewBox="0 0 24 24"
          >
            <path
              d="M16 1H8C6.34 1 5 2.34 5 4v16c0 1.66 1.34 3 3 3h8c1.66 0 3-1.34 3-3V4c0-1.66-1.34-3-3-3zm-2 20h-4v-1h4v1zm3.25-3H6.75V4h10.5v14z"
            />
          </svg>
          (850)-477-7406
        </li>
      </ul>
    </div>
    <div
      className="sc-bwzfXH hnfHNL"
    >
      <ul>
        <li>
          <svg
            aria-hidden="true"
            className="MuiSvgIcon-root-33"
            focusable="false"
            viewBox="0 0 24 24"
          >
            <path
              d="M12.56 14.33c-.34.27-.56.7-.56 1.17V21h7c1.1 0 2-.9 2-2v-5.98c-.94-.33-1.95-.52-3-.52-2.03 0-3.93.7-5.44 1.83z"
            />
            <circle
              cx="18"
              cy="6"
              r="5"
            />
            <path
              d="M11.5 6c0-1.08.27-2.1.74-3H5c-1.1 0-2 .9-2 2v14c0 .55.23 1.05.59 1.41l9.82-9.82C12.23 9.42 11.5 7.8 11.5 6z"
            />
          </svg>
          6042 maçka cd
        </li>
        <li>
          <svg
            aria-hidden="true"
            className="MuiSvgIcon-root-33"
            focusable="false"
            viewBox="0 0 24 24"
          >
            <path
              d="M15 11V5l-3-3-3 3v2H3v14h18V11h-6zm-8 8H5v-2h2v2zm0-4H5v-2h2v2zm0-4H5V9h2v2zm6 8h-2v-2h2v2zm0-4h-2v-2h2v2zm0-4h-2V9h2v2zm0-4h-2V5h2v2zm6 12h-2v-2h2v2zm0-4h-2v-2h2v2z"
            />
          </svg>
          amasya
        </li>
        <li>
          <svg
            aria-hidden="true"
            className="MuiSvgIcon-root-33"
            focusable="false"
            viewBox="0 0 24 24"
          >
            <path
              d="M12 2C6.48 2 2 6.48 2 12s4.48 10 10 10 10-4.48 10-10S17.52 2 12 2zm-1 17.93c-3.95-.49-7-3.85-7-7.93 0-.62.08-1.21.21-1.79L9 15v1c0 1.1.9 2 2 2v1.93zm6.9-2.54c-.26-.81-1-1.39-1.9-1.39h-1v-3c0-.55-.45-1-1-1H8v-2h2c.55 0 1-.45 1-1V7h2c1.1 0 2-.9 2-2v-.41c2.93 1.19 5 4.06 5 7.41 0 2.08-.8 3.97-2.1 5.39z"
            />
          </svg>
          yalova
        </li>
        <li>
          <svg
            aria-hidden="true"
            className="MuiSvgIcon-root-33"
            focusable="false"
            viewBox="0 0 24 24"
          >
            <path
              d="M20 4H4c-1.1 0-1.99.9-1.99 2L2 18c0 1.1.9 2 2 2h16c1.1 0 2-.9 2-2V6c0-1.1-.9-2-2-2zm0 4l-8 5-8-5V6l8 5 8-5v2z"
            />
          </svg>
          93285
        </li>
      </ul>
    </div>
  </div>
</div>
`;
